// Jest Snapshot v1, https://goo.gl/fbAQLP

exports[`App Component renders without crashing 1`] = `
<div
  className="App"
>
  
  <header>
    <nav
      className="navbar navbar-expand-lg navbar-light bg-light"
    >
      <a
        className="navbar-brand"
        href="/"
        onClick={[Function]}
      />
      <button
        aria-controls="navbarSupportedContent"
        aria-expanded="false"
        aria-label="Toggle navigation"
        className="navbar-toggler"
        data-target="#navbarSupportedContent"
        data-toggle="collapse"
        type="button"
      >
        <span
          className="navbar-toggler-icon"
        />
      </button>
      <div
        className="collapse navbar-collapse"
        id="navbarSupportedContent"
      >
        <ul
          className="navbar-nav mr-auto"
        >
          <li
            className="nav-item "
          >
            <a
              className="nav-link"
              href="/"
              onClick={[Function]}
            >
              Home
              
            </a>
          </li>
          
        </ul>
        <a
          className="btn btn-outline-primary my-2 my-sm-0"
          href="/signin"
          onClick={[Function]}
        >
          Sign In
        </a>
      </div>
    </nav>
  </header>
  <div
    className="page page-home"
  >
    <div
      className="container"
    >
      <div
        className="row"
      >
        <div
          className="col-12"
        >
          Welcome!
        </div>
      </div>
    </div>
  </div>
  <div />
  <footer
    className="footer-bottom"
  >
    Copyright Â© 
    2020
     
  </footer>
</div>
`;
